[0.0] === ghosttykit_liveness start 2026-07-28T00:56:35Z ===
[0.1] ghostty_init ok
[0.1] ghostty_app_new ok
[0.1] pane_mode=default mode_flag= sid=60a42899-aee9-415d-a877-0f8ee81affee
[0.1] initial_input=zsh /Users/brianduff/.local/share/cube/workspaces/mono-agent-187/tools/boss/docs/investigations/grok-tui-liveness-markers-artifacts/ghosttykit_host/run_out/pane_script.sh
[0.1] ghostty_surface_new ok
[0.1] timers armed; capturing liveness markers
[0.5] PHASE boot → starting_shell t=0.4 bytes=213
[0.5] snap=1 phase=starting_shell bytes=213 fg=68229 exited=false preview=zsh /Users/brianduff/.local/share/cube/workspaces/mono-agent-187/tools/boss/docs/investigations/grok-tui-liveness-markers-artifacts/ghosttykit_host/run_out/pane_script.sh\nLast log
[0.8] snap=2 phase=starting_shell bytes=351 fg=68229 exited=false preview=zsh /Users/brianduff/.local/share/cube/workspaces/mono-agent-187/tools/boss/docs/investigations/grok-tui-liveness-markers-artifacts/ghosttykit_host/run_out/pane_script.sh\nLast log
[1.2] snap=3 phase=starting_shell bytes=418 fg=68568 exited=false preview=zsh /Users/brianduff/.local/share/cube/workspaces/mono-agent-187/tools/boss/docs/investigations/grok-tui-liveness-markers-artifacts/ghosttykit_host/run_out/pane_script.sh\nLast log
[1.9] PHASE starting_shell → starting_tui t=1.8 bytes=2565
[1.9] snap=4 phase=starting_tui bytes=2565 fg=68568 exited=false preview=\n  /private/tmp/grok-liveness-spike/cwd                                                                                               +1\n\n\n\n\n\n                               
[2.2] snap=5 phase=starting_tui bytes=2565 fg=68568 exited=false preview=\n  /private/tmp/grok-liveness-spike/cwd                                                                                               +1\n\n\n\n\n\n                               
[2.6] snap=6 phase=starting_tui bytes=2565 fg=68568 exited=false preview=\n  /private/tmp/grok-liveness-spike/cwd                                                                                               +1\n\n\n\n\n\n                               
[2.9] snap=7 phase=starting_tui bytes=2565 fg=68568 exited=false preview=\n  /private/tmp/grok-liveness-spike/cwd                                                                                               +1\n\n\n\n\n\n                               
[3.3] PHASE starting_tui → busy_seed t=3.2 bytes=2808
[3.3] snap=8 phase=busy_seed bytes=2808 fg=68568 exited=false preview=\n  /private/tmp/grok-liveness-spike/cwd                                                                                      3.1K / 500K\n\n\n     ❯ Use the shell tool to run exac
[3.6] snap=9 phase=busy_seed bytes=2808 fg=68568 exited=false preview=\n  /private/tmp/grok-liveness-spike/cwd                                                                                      3.1K / 500K\n\n\n     ❯ Use the shell tool to run exac
[4.0] snap=10 phase=busy_seed bytes=2808 fg=68568 exited=false preview=\n  /private/tmp/grok-liveness-spike/cwd                                                                                      3.1K / 500K\n\n\n     ❯ Use the shell tool to run exac
[4.3] snap=11 phase=busy_seed bytes=2808 fg=68568 exited=false preview=\n  /private/tmp/grok-liveness-spike/cwd                                                                                      3.1K / 500K\n\n\n     ❯ Use the shell tool to run exac
[4.7] snap=12 phase=busy_seed bytes=2808 fg=68568 exited=false preview=\n  /private/tmp/grok-liveness-spike/cwd                                                                                      3.1K / 500K\n\n\n     ❯ Use the shell tool to run exac
[5.0] snap=13 phase=busy_seed bytes=2808 fg=68568 exited=false preview=\n  /private/tmp/grok-liveness-spike/cwd                                                                                      3.1K / 500K\n\n\n     ❯ Use the shell tool to run exac
[5.4] snap=14 phase=busy_seed bytes=2808 fg=68568 exited=false preview=\n  /private/tmp/grok-liveness-spike/cwd                                                                                      3.1K / 500K\n\n\n     ❯ Use the shell tool to run exac
[5.7] snap=15 phase=busy_seed bytes=2808 fg=68568 exited=false preview=\n  /private/tmp/grok-liveness-spike/cwd                                                                                      4.8K / 500K\n\n\n     ❯ Use the shell tool to run exac
[6.1] snap=16 phase=busy_seed bytes=2812 fg=68568 exited=false preview=\n  /private/tmp/grok-liveness-spike/cwd                                                                                      4.8K / 500K\n\n\n     ❯ Use the shell tool to run exac
[6.4] snap=17 phase=busy_seed bytes=2812 fg=68568 exited=false preview=\n  /private/tmp/grok-liveness-spike/cwd                                                                                      4.8K / 500K\n\n\n     ❯ Use the shell tool to run exac
[6.8] snap=18 phase=busy_seed bytes=2812 fg=68568 exited=false preview=\n  /private/tmp/grok-liveness-spike/cwd                                                                                       15K / 500K\n\n\n     ❯ Use the shell tool to run exac
[7.1] snap=19 phase=busy_seed bytes=2812 fg=68568 exited=false preview=\n  /private/tmp/grok-liveness-spike/cwd                                                                                       15K / 500K\n\n\n     ❯ Use the shell tool to run exac
[7.5] snap=20 phase=busy_seed bytes=2812 fg=68568 exited=false preview=\n  /private/tmp/grok-liveness-spike/cwd                                                                                       15K / 500K\n\n\n     ❯ Use the shell tool to run exac
[7.8] snap=21 phase=busy_seed bytes=2812 fg=68568 exited=false preview=\n  /private/tmp/grok-liveness-spike/cwd                                                                                       15K / 500K\n\n\n     ❯ Use the shell tool to run exac
[8.2] snap=22 phase=busy_seed bytes=2812 fg=68568 exited=false preview=\n  /private/tmp/grok-liveness-spike/cwd                                                                                       15K / 500K\n\n\n     ❯ Use the shell tool to run exac
[8.5] snap=23 phase=busy_seed bytes=2812 fg=68568 exited=false preview=\n  /private/tmp/grok-liveness-spike/cwd                                                                                       15K / 500K\n\n\n     ❯ Use the shell tool to run exac
[8.9] snap=24 phase=busy_seed bytes=2812 fg=68568 exited=false preview=\n  /private/tmp/grok-liveness-spike/cwd                                                                                       15K / 500K\n\n\n     ❯ Use the shell tool to run exac
[9.2] snap=25 phase=busy_seed bytes=2812 fg=68568 exited=false preview=\n  /private/tmp/grok-liveness-spike/cwd                                                                                       15K / 500K\n\n\n     ❯ Use the shell tool to run exac
[9.6] snap=26 phase=busy_seed bytes=2812 fg=68568 exited=false preview=\n  /private/tmp/grok-liveness-spike/cwd                                                                                       15K / 500K\n\n\n     ❯ Use the shell tool to run exac
[9.9] snap=27 phase=busy_seed bytes=2812 fg=68568 exited=false preview=\n  /private/tmp/grok-liveness-spike/cwd                                                                                       15K / 500K\n\n\n     ❯ Use the shell tool to run exac
[10.3] snap=28 phase=busy_seed bytes=2812 fg=68568 exited=false preview=\n  /private/tmp/grok-liveness-spike/cwd                                                                                       15K / 500K\n\n\n     ❯ Use the shell tool to run exac
[10.6] snap=29 phase=busy_seed bytes=2812 fg=68568 exited=false preview=\n  /private/tmp/grok-liveness-spike/cwd                                                                                       15K / 500K\n\n\n     ❯ Use the shell tool to run exac
[11.0] snap=30 phase=busy_seed bytes=2812 fg=68568 exited=false preview=\n  /private/tmp/grok-liveness-spike/cwd                                                                                       15K / 500K\n\n\n     ❯ Use the shell tool to run exac
[11.3] snap=31 phase=busy_seed bytes=2812 fg=68568 exited=false preview=\n  /private/tmp/grok-liveness-spike/cwd                                                                                       15K / 500K\n\n\n     ❯ Use the shell tool to run exac
[11.7] snap=32 phase=busy_seed bytes=2812 fg=68568 exited=false preview=\n  /private/tmp/grok-liveness-spike/cwd                                                                                       15K / 500K\n\n\n     ❯ Use the shell tool to run exac
[12.0] snap=33 phase=busy_seed bytes=2812 fg=68568 exited=false preview=\n  /private/tmp/grok-liveness-spike/cwd                                                                                       15K / 500K\n\n\n     ❯ Use the shell tool to run exac
[12.4] snap=34 phase=busy_seed bytes=2812 fg=68568 exited=false preview=\n  /private/tmp/grok-liveness-spike/cwd                                                                                       15K / 500K\n\n\n     ❯ Use the shell tool to run exac
[12.7] snap=35 phase=busy_seed bytes=2812 fg=68568 exited=false preview=\n  /private/tmp/grok-liveness-spike/cwd                                                                                       15K / 500K\n\n\n     ❯ Use the shell tool to run exac
[13.1] snap=36 phase=busy_seed bytes=2812 fg=68568 exited=false preview=\n  /private/tmp/grok-liveness-spike/cwd                                                                                       15K / 500K\n\n\n     ❯ Use the shell tool to run exac
[13.4] snap=37 phase=busy_seed bytes=2812 fg=68568 exited=false preview=\n  /private/tmp/grok-liveness-spike/cwd                                                                                       15K / 500K\n\n\n     ❯ Use the shell tool to run exac
[13.8] snap=38 phase=busy_seed bytes=2812 fg=68568 exited=false preview=\n  /private/tmp/grok-liveness-spike/cwd                                                                                       15K / 500K\n\n\n     ❯ Use the shell tool to run exac
[14.1] snap=39 phase=busy_seed bytes=2812 fg=68568 exited=false preview=\n  /private/tmp/grok-liveness-spike/cwd                                                                                       15K / 500K\n\n\n     ❯ Use the shell tool to run exac
[14.5] snap=40 phase=busy_seed bytes=2812 fg=68568 exited=false preview=\n  /private/tmp/grok-liveness-spike/cwd                                                                                       15K / 500K\n\n\n     ❯ Use the shell tool to run exac
[14.8] snap=41 phase=busy_seed bytes=2812 fg=68568 exited=false preview=\n  /private/tmp/grok-liveness-spike/cwd                                                                                       15K / 500K\n\n\n     ❯ Use the shell tool to run exac
[15.2] snap=42 phase=busy_seed bytes=2812 fg=68568 exited=false preview=\n  /private/tmp/grok-liveness-spike/cwd                                                                                       15K / 500K\n\n\n     ❯ Use the shell tool to run exac
[15.5] snap=43 phase=busy_seed bytes=2812 fg=68568 exited=false preview=\n  /private/tmp/grok-liveness-spike/cwd                                                                                       15K / 500K\n\n\n     ❯ Use the shell tool to run exac
[15.9] snap=44 phase=busy_seed bytes=2812 fg=68568 exited=false preview=\n  /private/tmp/grok-liveness-spike/cwd                                                                                       15K / 500K\n\n\n     ❯ Use the shell tool to run exac
[16.2] snap=45 phase=busy_seed bytes=2812 fg=68568 exited=false preview=\n  /private/tmp/grok-liveness-spike/cwd                                                                                       15K / 500K\n\n\n     ❯ Use the shell tool to run exac
[16.6] snap=46 phase=busy_seed bytes=2812 fg=68568 exited=false preview=\n  /private/tmp/grok-liveness-spike/cwd                                                                                       15K / 500K\n\n\n     ❯ Use the shell tool to run exac
[16.9] snap=47 phase=busy_seed bytes=2812 fg=68568 exited=false preview=\n  /private/tmp/grok-liveness-spike/cwd                                                                                       15K / 500K\n\n\n     ❯ Use the shell tool to run exac
[17.3] snap=48 phase=busy_seed bytes=2812 fg=68568 exited=false preview=\n  /private/tmp/grok-liveness-spike/cwd                                                                                       15K / 500K\n\n\n     ❯ Use the shell tool to run exac
[17.6] snap=49 phase=busy_seed bytes=2812 fg=68568 exited=false preview=\n  /private/tmp/grok-liveness-spike/cwd                                                                                       15K / 500K\n\n\n     ❯ Use the shell tool to run exac
[18.0] snap=50 phase=busy_seed bytes=2812 fg=68568 exited=false preview=\n  /private/tmp/grok-liveness-spike/cwd                                                                                       15K / 500K\n\n\n     ❯ Use the shell tool to run exac
[18.3] snap=51 phase=busy_seed bytes=2812 fg=68568 exited=false preview=\n  /private/tmp/grok-liveness-spike/cwd                                                                                       15K / 500K\n\n\n     ❯ Use the shell tool to run exac
[18.7] snap=52 phase=busy_seed bytes=2812 fg=68568 exited=false preview=\n  /private/tmp/grok-liveness-spike/cwd                                                                                       15K / 500K\n\n\n     ❯ Use the shell tool to run exac
[19.0] snap=53 phase=busy_seed bytes=2812 fg=68568 exited=false preview=\n  /private/tmp/grok-liveness-spike/cwd                                                                                       15K / 500K\n\n\n     ❯ Use the shell tool to run exac
[19.4] snap=54 phase=busy_seed bytes=2812 fg=68568 exited=false preview=\n  /private/tmp/grok-liveness-spike/cwd                                                                                       15K / 500K\n\n\n     ❯ Use the shell tool to run exac
[19.7] snap=55 phase=busy_seed bytes=2812 fg=68568 exited=false preview=\n  /private/tmp/grok-liveness-spike/cwd                                                                                       15K / 500K\n\n\n     ❯ Use the shell tool to run exac
[20.1] snap=56 phase=busy_seed bytes=2812 fg=68568 exited=false preview=\n  /private/tmp/grok-liveness-spike/cwd                                                                                       15K / 500K\n\n\n     ❯ Use the shell tool to run exac
[20.4] snap=57 phase=busy_seed bytes=2812 fg=68568 exited=false preview=\n  /private/tmp/grok-liveness-spike/cwd                                                                                       15K / 500K\n\n\n     ❯ Use the shell tool to run exac
[20.8] snap=58 phase=busy_seed bytes=2812 fg=68568 exited=false preview=\n  /private/tmp/grok-liveness-spike/cwd                                                                                       15K / 500K\n\n\n     ❯ Use the shell tool to run exac
[21.1] snap=59 phase=busy_seed bytes=2812 fg=68568 exited=false preview=\n  /private/tmp/grok-liveness-spike/cwd                                                                                       15K / 500K\n\n\n     ❯ Use the shell tool to run exac
[21.5] snap=60 phase=busy_seed bytes=2812 fg=68568 exited=false preview=\n  /private/tmp/grok-liveness-spike/cwd                                                                                       15K / 500K\n\n\n     ❯ Use the shell tool to run exac
[21.8] snap=61 phase=busy_seed bytes=2812 fg=68568 exited=false preview=\n  /private/tmp/grok-liveness-spike/cwd                                                                                       15K / 500K\n\n\n     ❯ Use the shell tool to run exac
[22.2] snap=62 phase=busy_seed bytes=2812 fg=68568 exited=false preview=\n  /private/tmp/grok-liveness-spike/cwd                                                                                       15K / 500K\n\n\n     ❯ Use the shell tool to run exac
[22.6] snap=63 phase=busy_seed bytes=2812 fg=68568 exited=false preview=\n  /private/tmp/grok-liveness-spike/cwd                                                                                       15K / 500K\n\n\n     ❯ Use the shell tool to run exac
[22.9] PHASE busy_seed → idle_after_seed t=22.8 bytes=2816
[22.9] snap=64 phase=idle_after_seed bytes=2816 fg=68568 exited=false preview=\n  /private/tmp/grok-liveness-spike/cwd                                                                                       15K / 500K\n\n\n     ❯ Use the shell tool to run exac
[22.9] OBSERVED seed turn complete (Worked for + LIVE_SEED_DONE)
[22.9] INJECT followup body=reply with exactly the single token: LIVE_FOLLOW_OK. no tools.
[22.9] INJECT followup Return sent
[23.2] PHASE idle_after_seed → busy_followup t=23.2 bytes=2816
[23.2] snap=65 phase=busy_followup bytes=2816 fg=68568 exited=false preview=\n  /private/tmp/grok-liveness-spike/cwd                                                                                       15K / 500K\n\n\n     ❯ reply with exactly the single 
[23.6] snap=66 phase=busy_followup bytes=2816 fg=68568 exited=false preview=\n  /private/tmp/grok-liveness-spike/cwd                                                                                       15K / 500K\n\n\n     ❯ reply with exactly the single 
[23.9] snap=67 phase=busy_followup bytes=2816 fg=68568 exited=false preview=\n  /private/tmp/grok-liveness-spike/cwd                                                                                       15K / 500K\n\n\n     ❯ reply with exactly the single 
[24.3] PHASE busy_followup → idle_between_turns t=24.2 bytes=2820
[24.3] snap=68 phase=idle_between_turns bytes=2820 fg=68568 exited=false preview=\n  /private/tmp/grok-liveness-spike/cwd                                                                                       15K / 500K\n\n\n     ❯ reply with exactly the single 
[24.3] OBSERVED follow-up complete
[24.6] PHASE idle_between_turns → idle_after_followup t=24.6 bytes=2820
[26.8] INJECT quit body=/quit
[26.8] INJECT quit Return sent
[27.1] PHASE idle_after_followup → post_exit t=27.0 bytes=663
[27.1] snap=69 phase=post_exit bytes=663 fg=68229 exited=false preview=zsh /Users/brianduff/.local/share/cube/workspaces/mono-agent-187/tools/boss/docs/investigations/grok-tui-liveness-markers-artifacts/ghosttykit_host/run_out/pane_script.sh\nLast log
[27.1] pane script finished (grok exited)
[27.4] pane script finished (grok exited)
[27.8] pane script finished (grok exited)
[28.1] pane script finished (grok exited)
[28.5] pane script finished (grok exited)
[28.6] finish reason=script_finished
[28.6] SUMMARY written; exiting
[28.6] reason: script_finished
pane_mode: default
session_id: 60a42899-aee9-415d-a877-0f8ee81affee
saw_LIVE_SEED_DONE: true
saw_LIVE_FOLLOW_OK: true
poll_count: 81
start_polls: 8
busy_polls: 59
idle_polls: 9
snap_count: 69
viewport_final_bytes: 663
screen_final_bytes: 663
grok_exit: 0
grok_version: grok 0.2.112 (9bbd559437aa) [stable]
shell_pid_file: 68568
foreground_pid_at_end: 68229
observe_api: ghostty_surface_read_text(GHOSTTY_POINT_VIEWPORT|SCREEN)
inject_api: ghostty_surface_text + ghostty_surface_key(Return)
ghosttykit_pin: ghosttykit-5659cef
ghosttykit_sha256: 82b8d947484a21e1a9d186628b8af5e3f2e81dc96925f3cdbc1766ececa814a1
GROK_HOME: /tmp/grok-liveness-spike/home
SPIKE_CWD: /tmp/grok-liveness-spike/cwd
